// Jest Snapshot v1, https://goo.gl/fbAQLP

exports[`General test for GeoApp: renders correctly 1`] = `
<div
  className="search"
>
  <div
    className="search__textbox"
  >
    <div
      className="textbox"
    >
      <input
        className="textbox__inner"
        onChange={[Function]}
        onKeyPress={[Function]}
        type="text"
        value=""
      />
    </div>
  </div>
  <div
    className="search__list"
  >
    <ul />
  </div>
</div>
`;
